[hoahaudulichbansacvietnam.voting.vn/index.html]
[backblue.gif]
[fade.gif]
[index.html]
[media.voting.vn/media/Data-store/Hhdlbs24/web/acs.jpg]
[media.voting.vn/media/Data-store/Hhdlbs24/web/lg.png]
[media.voting.vn/media/Data-store/Hhdlbs24/web/bxh.jpg]
[hoahaudulichbansacvietnam.voting.vn/vi-VN/bang-xep-hang.html]
[hoahaudulichbansacvietnam.voting.vn/vi-VN/huong-dan-binh-chon.html]
[media.voting.vn/media/Data-store/Hhdlbs24/web/bn.jpg]
[media.voting.vn/media/Data-store/Hhdlbs24/web/pt.jpg]
[hoahaudulichbansacvietnam.voting.vn/vi-VN/thi-sinh/15023.html]
[hoahaudulichbansacvietnam.voting.vn/vi-VN/thi-sinh/15024.html]
[hoahaudulichbansacvietnam.voting.vn/vi-VN/thi-sinh/15025.html]
[hoahaudulichbansacvietnam.voting.vn/vi-VN/thi-sinh/15026.html]
[hoahaudulichbansacvietnam.voting.vn/vi-VN/thi-sinh/15027.html]
[hoahaudulichbansacvietnam.voting.vn/vi-VN/thi-sinh/15028.html]
[hoahaudulichbansacvietnam.voting.vn/vi-VN/thi-sinh/15029.html]
[hoahaudulichbansacvietnam.voting.vn/vi-VN/thi-sinh/15030.html]
[hoahaudulichbansacvietnam.voting.vn/vi-VN/thi-sinh/15031.html]
[hoahaudulichbansacvietnam.voting.vn/vi-VN/thi-sinh/15032.html]
[hoahaudulichbansacvietnam.voting.vn/vi-VN/thi-sinh/15033.html]
[hoahaudulichbansacvietnam.voting.vn/vi-VN/thi-sinh/15034.html]
[hoahaudulichbansacvietnam.voting.vn/vi-VN/thi-sinh/15035.html]
[hoahaudulichbansacvietnam.voting.vn/vi-VN/thi-sinh/15036.html]
[hoahaudulichbansacvietnam.voting.vn/vi-VN/thi-sinh/15037.html]
[hoahaudulichbansacvietnam.voting.vn/vi-VN/thi-sinh/15038.html]
[hoahaudulichbansacvietnam.voting.vn/vi-VN/thi-sinh/15039.html]
[hoahaudulichbansacvietnam.voting.vn/vi-VN/thi-sinh/15040.html]
[hoahaudulichbansacvietnam.voting.vn/vi-VN/thi-sinh/15041.html]
[hoahaudulichbansacvietnam.voting.vn/vi-VN/thi-sinh/15042.html]
[hoahaudulichbansacvietnam.voting.vn/vi-VN/thi-sinh/15043.html]
[hoahaudulichbansacvietnam.voting.vn/vi-VN/thi-sinh/15044.html]
[hoahaudulichbansacvietnam.voting.vn/vi-VN/thi-sinh/15045.html]
[hoahaudulichbansacvietnam.voting.vn/vi-VN/thi-sinh/15046.html]
[hoahaudulichbansacvietnam.voting.vn/vi-VN/thi-sinh/15047.html]
[hoahaudulichbansacvietnam.voting.vn/vi-VN/thi-sinh/15048.html]
[hoahaudulichbansacvietnam.voting.vn/vi-VN/thi-sinh/15049.html]
[hoahaudulichbansacvietnam.voting.vn/vi-VN/thi-sinh/15050.html]
[hoahaudulichbansacvietnam.voting.vn/vi-VN/thi-sinh/15051.html]
[hoahaudulichbansacvietnam.voting.vn/vi-VN/thi-sinh/15052.html]
[hoahaudulichbansacvietnam.voting.vn/templates/themes/portal03/layout/images_vt/backtop_new.png]
[hoahaudulichbansacvietnam.voting.vn/index.html]
[hoahaudulichbansacvietnam.voting.vn/templates/themes/portal03/layout/css_vt/aos.css]
[hoahaudulichbansacvietnam.voting.vn/templates/themes/portal03/layout/images_vt/ajax-loader.gif]
[hoahaudulichbansacvietnam.voting.vn/templates/themes/portal03/layout/css_vt/slick-theme.css]
[hoahaudulichbansacvietnam.voting.vn/templates/themes/portal03/layout/images_vt/icon_next.png]
[hoahaudulichbansacvietnam.voting.vn/templates/themes/portal03/layout/css_vt/slick.css]
[hoahaudulichbansacvietnam.voting.vn/templates/themes/portal03/layout/images_vt/icon_nav.png]
[hoahaudulichbansacvietnam.voting.vn/templates/themes/portal03/layout/images_vt/checked.png]
[hoahaudulichbansacvietnam.voting.vn/templates/themes/portal03/layout/images_vt/bg_voting.png]
[hoahaudulichbansacvietnam.voting.vn/templates/themes/portal03/layout/images_vt/no1.png]
[hoahaudulichbansacvietnam.voting.vn/templates/themes/portal03/layout/images_vt/no2.png]
[hoahaudulichbansacvietnam.voting.vn/templates/themes/portal03/layout/images_vt/no3.png]
[hoahaudulichbansacvietnam.voting.vn/templates/themes/portal03/layout/images_vt/bg_vote.jpg]
[hoahaudulichbansacvietnam.voting.vn/templates/themes/portal03/layout/css_vt/style.css]
[hoahaudulichbansacvietnam.voting.vn/templates/themes/portal03/layout/css_vt/vote.css]
[hoahaudulichbansacvietnam.voting.vn/templates/themes/portal03/layout/js_vt/jquery-3.6.0.min.js]
[hoahaudulichbansacvietnam.voting.vn/templates/themes/portal03/layout/js_vt/slick.js]
[hoahaudulichbansacvietnam.voting.vn/templates/themes/portal03/layout/js_vt/aos.js]
[hoahaudulichbansacvietnam.voting.vn/vi-VN/bang-xep-hang.html]
[media.voting.vn/media/Data-store/Hhdlbs24/web/the.jpg]
[media.voting.vn/media/Data-store/Hhdlbs24/web/vn.jpg]
[media.voting.vn/media/Data-store/Hhdlbs24/web/mm.jpg]
[hoahaudulichbansacvietnam.voting.vn/vi-VN/huong-dan-binh-chon.html]
[hoahaudulichbansacvietnam.voting.vn/templates/themes/portal02/layout/js_vt/slick.js]
[hoahaudulichbansacvietnam.voting.vn/vi-VN/gioi-thieu/gioi-thieu.html]
[media.voting.vn/media/Data-store/Hhdlbs24/thumb/882.jpg]
[www.google.com/recaptcha/api.js]
[hoahaudulichbansacvietnam.voting.vn/vi-VN/thi-sinh/15023.html]
[sp.zalo.me/plugins/sdk.js]
[media.voting.vn/media/Data-store/Hhdlbs24/thumb/875.jpg]
[hoahaudulichbansacvietnam.voting.vn/vi-VN/thi-sinh/15024.html]
[media.voting.vn/media/Data-store/Hhdlbs24/thumb/879.jpg]
[hoahaudulichbansacvietnam.voting.vn/vi-VN/thi-sinh/15025.html]
[media.voting.vn/media/Data-store/Hhdlbs24/thumb/835.jpg]
[hoahaudulichbansacvietnam.voting.vn/vi-VN/thi-sinh/15026.html]
[media.voting.vn/media/Data-store/Hhdlbs24/thumb/174.jpg]
[hoahaudulichbansacvietnam.voting.vn/vi-VN/thi-sinh/15027.html]
[media.voting.vn/media/Data-store/Hhdlbs24/thumb/320.jpg]
[hoahaudulichbansacvietnam.voting.vn/vi-VN/thi-sinh/15028.html]
[media.voting.vn/media/Data-store/Hhdlbs24/thumb/285.jpg]
[hoahaudulichbansacvietnam.voting.vn/vi-VN/thi-sinh/15029.html]
[media.voting.vn/media/Data-store/Hhdlbs24/thumb/306.jpg]
[hoahaudulichbansacvietnam.voting.vn/vi-VN/thi-sinh/15030.html]
[media.voting.vn/media/Data-store/Hhdlbs24/thumb/029.jpg]
[hoahaudulichbansacvietnam.voting.vn/vi-VN/thi-sinh/15031.html]
[media.voting.vn/media/Data-store/Hhdlbs24/thumb/821.jpg]
[hoahaudulichbansacvietnam.voting.vn/vi-VN/thi-sinh/15032.html]
[media.voting.vn/media/Data-store/Hhdlbs24/thumb/726.jpg]
[hoahaudulichbansacvietnam.voting.vn/vi-VN/thi-sinh/15033.html]
[media.voting.vn/media/Data-store/Hhdlbs24/thumb/206.jpg]
[hoahaudulichbansacvietnam.voting.vn/vi-VN/thi-sinh/15034.html]
[media.voting.vn/media/Data-store/Hhdlbs24/thumb/881.jpg]
[hoahaudulichbansacvietnam.voting.vn/vi-VN/thi-sinh/15035.html]
[media.voting.vn/media/Data-store/Hhdlbs24/thumb/118.jpg]
[hoahaudulichbansacvietnam.voting.vn/vi-VN/thi-sinh/15036.html]
[media.voting.vn/media/Data-store/Hhdlbs24/thumb/704.jpg]
[hoahaudulichbansacvietnam.voting.vn/vi-VN/thi-sinh/15037.html]
[media.voting.vn/media/Data-store/Hhdlbs24/thumb/832.jpg]
[hoahaudulichbansacvietnam.voting.vn/vi-VN/thi-sinh/15038.html]
[media.voting.vn/media/Data-store/Hhdlbs24/thumb/578.jpg]
[hoahaudulichbansacvietnam.voting.vn/vi-VN/thi-sinh/15039.html]
[media.voting.vn/media/Data-store/Hhdlbs24/thumb/824.jpg]
[hoahaudulichbansacvietnam.voting.vn/vi-VN/thi-sinh/15040.html]
[media.voting.vn/media/Data-store/Hhdlbs24/thumb/651.jpg]
[hoahaudulichbansacvietnam.voting.vn/vi-VN/thi-sinh/15041.html]
[media.voting.vn/media/Data-store/Hhdlbs24/thumb/186.jpg]
[hoahaudulichbansacvietnam.voting.vn/vi-VN/thi-sinh/15042.html]
[media.voting.vn/media/Data-store/Hhdlbs24/thumb/502.jpg]
[hoahaudulichbansacvietnam.voting.vn/vi-VN/thi-sinh/15043.html]
[media.voting.vn/media/Data-store/Hhdlbs24/thumb/869.jpg]
[hoahaudulichbansacvietnam.voting.vn/vi-VN/thi-sinh/15044.html]
[media.voting.vn/media/Data-store/Hhdlbs24/thumb/240.jpg]
[hoahaudulichbansacvietnam.voting.vn/vi-VN/thi-sinh/15045.html]
[media.voting.vn/media/Data-store/Hhdlbs24/thumb/814.jpg]
[hoahaudulichbansacvietnam.voting.vn/vi-VN/thi-sinh/15046.html]
[media.voting.vn/media/Data-store/Hhdlbs24/thumb/883.jpg]
[hoahaudulichbansacvietnam.voting.vn/vi-VN/thi-sinh/15047.html]
[media.voting.vn/media/Data-store/Hhdlbs24/thumb/876.jpg]
[hoahaudulichbansacvietnam.voting.vn/vi-VN/thi-sinh/15048.html]
[media.voting.vn/media/Data-store/Hhdlbs24/thumb/828.jpg]
[hoahaudulichbansacvietnam.voting.vn/vi-VN/thi-sinh/15049.html]
[media.voting.vn/media/Data-store/Hhdlbs24/thumb/092.jpg]
[hoahaudulichbansacvietnam.voting.vn/vi-VN/thi-sinh/15050.html]
[media.voting.vn/media/Data-store/Hhdlbs24/thumb/660.jpg]
[hoahaudulichbansacvietnam.voting.vn/vi-VN/thi-sinh/15051.html]
[media.voting.vn/media/Data-store/Hhdlbs24/thumb/512.jpg]
[hoahaudulichbansacvietnam.voting.vn/vi-VN/thi-sinh/15052.html]
[hoahaudulichbansacvietnam.voting.vn/dist.html]
[hoahaudulichbansacvietnam.voting.vn/dist/index.html]
[hoahaudulichbansacvietnam.voting.vn/templates/themes/portal03/layout/css_vt/bxhtop5tamgiac.css]
[hoahaudulichbansacvietnam.voting.vn/templates/themes/portal03/layout/css_vt/bxhtopduoichunhat.css]
[hoahaudulichbansacvietnam.voting.vn/vi-VN/bxh.html]
[hoahaudulichbansacvietnam.voting.vn/dist.html]
